{"level":"info","message":"✅ Redis connected","service":"billing-saas-api","timestamp":"2025-11-29 09:56:59:5659"}
{"level":"info","message":"✅ Database connection established","service":"billing-saas-api","timestamp":"2025-11-29 09:57:00:570"}
{"level":"info","message":"Database connected successfully","service":"billing-saas-api","timestamp":"2025-11-29 09:57:00:570"}
{"level":"info","message":"Server running on port 3001 in development mode","service":"billing-saas-api","timestamp":"2025-11-29 09:57:00:570"}
{"level":"info","message":"🧹 Cleared 9 cache keys matching *221ccd12-e9b2-4f39-9cfe-81bdbed59edc*","service":"billing-saas-api","timestamp":"2025-11-29 09:57:35:5735"}
{"level":"info","message":"🧹 Cleared 4 cache keys matching *221ccd12-e9b2-4f39-9cfe-81bdbed59edc*","service":"billing-saas-api","timestamp":"2025-11-29 09:57:39:5739"}
{"level":"info","message":"🧹 Cleared 4 cache keys matching *221ccd12-e9b2-4f39-9cfe-81bdbed59edc*","service":"billing-saas-api","timestamp":"2025-11-29 09:57:42:5742"}
{"level":"info","message":"🧹 Cleared 4 cache keys matching *221ccd12-e9b2-4f39-9cfe-81bdbed59edc*","service":"billing-saas-api","timestamp":"2025-11-29 09:57:44:5744"}
{"level":"info","message":"🧹 Cleared 8 cache keys matching *221ccd12-e9b2-4f39-9cfe-81bdbed59edc*","service":"billing-saas-api","timestamp":"2025-11-29 10:09:15:915"}
{"level":"info","message":"🧹 Cleared 4 cache keys matching *221ccd12-e9b2-4f39-9cfe-81bdbed59edc*","service":"billing-saas-api","timestamp":"2025-11-29 10:09:17:917"}
{"level":"info","message":"🧹 Cleared 4 cache keys matching *221ccd12-e9b2-4f39-9cfe-81bdbed59edc*","service":"billing-saas-api","timestamp":"2025-11-29 10:09:19:919"}
{"level":"info","message":"🧹 Cleared 4 cache keys matching *221ccd12-e9b2-4f39-9cfe-81bdbed59edc*","service":"billing-saas-api","timestamp":"2025-11-29 10:09:21:921"}
{"level":"info","message":"🧹 Cleared 4 cache keys matching *221ccd12-e9b2-4f39-9cfe-81bdbed59edc*","service":"billing-saas-api","timestamp":"2025-11-29 10:09:25:925"}
{"level":"info","message":"🧹 Cleared 4 cache keys matching *221ccd12-e9b2-4f39-9cfe-81bdbed59edc*","service":"billing-saas-api","timestamp":"2025-11-29 10:09:37:937"}
{"level":"info","message":"🧹 Cleared 4 cache keys matching *221ccd12-e9b2-4f39-9cfe-81bdbed59edc*","service":"billing-saas-api","timestamp":"2025-11-29 10:09:41:941"}
{"amount":29900,"currency":"INR","level":"info","message":"🧾 Razorpay createOrder options:","notes":{"paymentId":"304914d5-2b92-4e6f-9abc-cfc5a4e0bb12","subscriptionId":"502d3fcf-3627-445f-9c08-44160c813f96","userId":"4eb22303-2c90-4123-a8c2-92a9027388ba"},"payment_capture":1,"receipt":"rcpt_304914d5-2b92-4e6f-9abc-cfc5a4","service":"billing-saas-api","timestamp":"2025-11-29 10:10:19:1019"}
{"level":"info","message":"✅ Razorpay order created successfully: order_RlQY4iiQ1z66qL","service":"billing-saas-api","timestamp":"2025-11-29 10:10:19:1019"}
{"level":"info","message":"✅ Redis connected","service":"billing-saas-api","timestamp":"2025-11-29 10:55:12:5512"}
{"level":"info","message":"✅ Database connection established","service":"billing-saas-api","timestamp":"2025-11-29 10:55:13:5513"}
{"level":"info","message":"Database connected successfully","service":"billing-saas-api","timestamp":"2025-11-29 10:55:13:5513"}
{"level":"info","message":"Server running on port 3001 in development mode","service":"billing-saas-api","timestamp":"2025-11-29 10:55:13:5513"}
{"amount":100,"currency":"INR","level":"info","message":"🧾 Razorpay createOrder options:","notes":{"paymentId":"14032e80-956e-40ef-8c22-267b7081ccd9","subscriptionId":"3f92f6a2-fef1-4c03-adec-4ff2db92c4c4","userId":"4eb22303-2c90-4123-a8c2-92a9027388ba"},"payment_capture":1,"receipt":"rcpt_14032e80-956e-40ef-8c22-267b70","service":"billing-saas-api","timestamp":"2025-11-29 10:58:23:5823"}
{"level":"info","message":"✅ Razorpay order created successfully: order_RlRMrEbAe4LoLB","service":"billing-saas-api","timestamp":"2025-11-29 10:58:24:5824"}
{"amount":100,"currency":"INR","level":"info","message":"🧾 Razorpay createOrder options:","notes":{"paymentId":"b8b7ce75-7793-4a7d-a289-456e16a1536b","subscriptionId":"986cfd48-3ce8-408b-b2df-d61dd35f63d6","userId":"4eb22303-2c90-4123-a8c2-92a9027388ba"},"payment_capture":1,"receipt":"rcpt_b8b7ce75-7793-4a7d-a289-456e16","service":"billing-saas-api","timestamp":"2025-11-29 10:59:45:5945"}
{"level":"info","message":"✅ Razorpay order created successfully: order_RlROHxsxuswRFj","service":"billing-saas-api","timestamp":"2025-11-29 10:59:45:5945"}
{"level":"info","message":"✅ Redis connected","service":"billing-saas-api","timestamp":"2025-11-29 11:02:45:245"}
{"level":"info","message":"✅ Database connection established","service":"billing-saas-api","timestamp":"2025-11-29 11:02:46:246"}
{"level":"info","message":"Database connected successfully","service":"billing-saas-api","timestamp":"2025-11-29 11:02:46:246"}
{"level":"info","message":"Server running on port 3001 in development mode","service":"billing-saas-api","timestamp":"2025-11-29 11:02:46:246"}
{"amount":100,"currency":"INR","level":"info","message":"🧾 Razorpay createOrder options:","notes":{"paymentId":"e5c9e1e1-ff75-429a-b6fd-3863a81f347f","subscriptionId":"3887aebf-3c5b-42bf-a380-f01d5402d2c9","userId":"4eb22303-2c90-4123-a8c2-92a9027388ba"},"payment_capture":1,"receipt":"rcpt_e5c9e1e1-ff75-429a-b6fd-3863a8","service":"billing-saas-api","timestamp":"2025-11-29 11:06:19:619"}
{"level":"info","message":"✅ Razorpay order created successfully: order_RlRVDac6yl11Y8","service":"billing-saas-api","timestamp":"2025-11-29 11:06:19:619"}
{"level":"info","message":"✅ Redis connected","service":"billing-saas-api","timestamp":"2025-11-29 11:08:09:89"}
{"level":"info","message":"✅ Database connection established","service":"billing-saas-api","timestamp":"2025-11-29 11:08:09:89"}
{"level":"info","message":"Database connected successfully","service":"billing-saas-api","timestamp":"2025-11-29 11:08:09:89"}
{"level":"info","message":"Server running on port 3001 in development mode","service":"billing-saas-api","timestamp":"2025-11-29 11:08:09:89"}
{"level":"info","message":"✅ Redis connected","service":"billing-saas-api","timestamp":"2025-11-29 11:09:14:914"}
{"level":"info","message":"✅ Database connection established","service":"billing-saas-api","timestamp":"2025-11-29 11:09:14:914"}
{"level":"info","message":"Database connected successfully","service":"billing-saas-api","timestamp":"2025-11-29 11:09:14:914"}
{"level":"info","message":"Server running on port 3001 in development mode","service":"billing-saas-api","timestamp":"2025-11-29 11:09:14:914"}
{"amount":100,"currency":"INR","level":"info","message":"🧾 Razorpay createOrder options:","notes":{"paymentId":"6d1f7a37-dd09-4b0f-a8fc-56713f9bac9f","subscriptionId":"5f2be5e6-4dc1-4dcf-a361-5fb611ba9ded","userId":"4eb22303-2c90-4123-a8c2-92a9027388ba"},"payment_capture":1,"receipt":"rcpt_6d1f7a37-dd09-4b0f-a8fc-56713f","service":"billing-saas-api","timestamp":"2025-11-29 11:11:49:1149"}
{"level":"info","message":"✅ Razorpay order created successfully: order_RlRb2aO7a9aNVW","service":"billing-saas-api","timestamp":"2025-11-29 11:11:50:1150"}
{"amount":100,"currency":"INR","level":"info","message":"🧾 Razorpay createOrder options:","notes":{"paymentId":"09b3b653-7ac5-4a8f-a4f8-f1083228df07","subscriptionId":"d75f9665-0b2e-4267-9a27-8cffe94380b1","userId":"4eb22303-2c90-4123-a8c2-92a9027388ba"},"payment_capture":1,"receipt":"rcpt_09b3b653-7ac5-4a8f-a4f8-f10832","service":"billing-saas-api","timestamp":"2025-11-29 11:15:44:1544"}
{"level":"info","message":"✅ Razorpay order created successfully: order_RlRfADZ4luVVF6","service":"billing-saas-api","timestamp":"2025-11-29 11:15:44:1544"}
{"amount":100,"currency":"INR","level":"info","message":"🧾 Razorpay createOrder options:","notes":{"paymentId":"2e270a98-c0b0-49ef-bf93-98c4df79e809","subscriptionId":"f58f2a05-e274-435a-8e63-ae00faf7faae","userId":"4eb22303-2c90-4123-a8c2-92a9027388ba"},"payment_capture":1,"receipt":"rcpt_2e270a98-c0b0-49ef-bf93-98c4df","service":"billing-saas-api","timestamp":"2025-11-29 11:15:55:1555"}
{"level":"info","message":"✅ Razorpay order created successfully: order_RlRfN5egbISxea","service":"billing-saas-api","timestamp":"2025-11-29 11:15:56:1556"}
{"level":"info","message":"✅ Redis connected","service":"billing-saas-api","timestamp":"2025-11-29 11:17:10:1710"}
{"level":"info","message":"✅ Database connection established","service":"billing-saas-api","timestamp":"2025-11-29 11:17:11:1711"}
{"level":"info","message":"Database connected successfully","service":"billing-saas-api","timestamp":"2025-11-29 11:17:11:1711"}
{"level":"info","message":"Server running on port 3001 in development mode","service":"billing-saas-api","timestamp":"2025-11-29 11:17:11:1711"}
{"amount":100,"currency":"INR","level":"info","message":"🧾 Razorpay createOrder options:","notes":{"paymentId":"9cb006a9-d823-4dc0-a847-5cf549410703","subscriptionId":"0c2aa674-2905-4c41-bbda-e2d550c1f2d3","userId":"4eb22303-2c90-4123-a8c2-92a9027388ba"},"payment_capture":1,"receipt":"rcpt_9cb006a9-d823-4dc0-a847-5cf549","service":"billing-saas-api","timestamp":"2025-11-29 11:17:40:1740"}
{"level":"info","message":"✅ Razorpay order created successfully: order_RlRhDTCefl3gXQ","service":"billing-saas-api","timestamp":"2025-11-29 11:17:40:1740"}
