{"level":"info","message":"✅ Redis connected","service":"billing-saas-api","timestamp":"2025-11-28 13:28:11:2811"}
{"level":"info","message":"✅ Database connection established","service":"billing-saas-api","timestamp":"2025-11-28 13:28:12:2812"}
{"level":"info","message":"Database connected successfully","service":"billing-saas-api","timestamp":"2025-11-28 13:28:12:2812"}
{"level":"info","message":"Server running on port 3001 in development mode","service":"billing-saas-api","timestamp":"2025-11-28 13:28:12:2812"}
{"level":"info","message":"✅ Redis connected","service":"billing-saas-api","timestamp":"2025-11-28 14:49:57:4957"}
{"level":"info","message":"✅ Database connection established","service":"billing-saas-api","timestamp":"2025-11-28 14:49:58:4958"}
{"level":"info","message":"Database connected successfully","service":"billing-saas-api","timestamp":"2025-11-28 14:49:58:4958"}
{"level":"info","message":"Server running on port 3001 in development mode","service":"billing-saas-api","timestamp":"2025-11-28 14:49:58:4958"}
{"level":"info","message":"✅ Redis connected","service":"billing-saas-api","timestamp":"2025-11-28 14:59:23:5923"}
{"level":"info","message":"✅ Database connection established","service":"billing-saas-api","timestamp":"2025-11-28 14:59:24:5924"}
{"level":"info","message":"Database connected successfully","service":"billing-saas-api","timestamp":"2025-11-28 14:59:24:5924"}
{"level":"info","message":"Server running on port 3001 in development mode","service":"billing-saas-api","timestamp":"2025-11-28 14:59:24:5924"}
{"level":"info","message":"✅ Redis connected","service":"billing-saas-api","timestamp":"2025-11-28 15:02:34:234"}
{"level":"info","message":"✅ Database connection established","service":"billing-saas-api","timestamp":"2025-11-28 15:02:35:235"}
{"level":"info","message":"Database connected successfully","service":"billing-saas-api","timestamp":"2025-11-28 15:02:35:235"}
{"level":"info","message":"Server running on port 3001 in development mode","service":"billing-saas-api","timestamp":"2025-11-28 15:02:35:235"}
{"level":"info","message":"✅ Redis connected","service":"billing-saas-api","timestamp":"2025-11-28 15:05:15:515"}
{"level":"info","message":"✅ Database connection established","service":"billing-saas-api","timestamp":"2025-11-28 15:05:15:515"}
{"level":"info","message":"Database connected successfully","service":"billing-saas-api","timestamp":"2025-11-28 15:05:15:515"}
{"level":"info","message":"Server running on port 3001 in development mode","service":"billing-saas-api","timestamp":"2025-11-28 15:05:15:515"}
{"level":"info","message":"✅ Redis connected","service":"billing-saas-api","timestamp":"2025-11-28 15:15:04:154"}
{"level":"info","message":"✅ Database connection established","service":"billing-saas-api","timestamp":"2025-11-28 15:15:05:155"}
{"level":"info","message":"Database connected successfully","service":"billing-saas-api","timestamp":"2025-11-28 15:15:05:155"}
{"level":"info","message":"Server running on port 3001 in development mode","service":"billing-saas-api","timestamp":"2025-11-28 15:15:05:155"}
{"level":"info","message":"✅ Redis connected","service":"billing-saas-api","timestamp":"2025-11-28 15:17:54:1754"}
{"level":"info","message":"✅ Database connection established","service":"billing-saas-api","timestamp":"2025-11-28 15:17:55:1755"}
{"level":"info","message":"Database connected successfully","service":"billing-saas-api","timestamp":"2025-11-28 15:17:55:1755"}
{"level":"info","message":"Server running on port 3001 in development mode","service":"billing-saas-api","timestamp":"2025-11-28 15:17:55:1755"}
{"level":"info","message":"✅ Redis connected","service":"billing-saas-api","timestamp":"2025-11-28 15:26:12:2612"}
{"level":"info","message":"✅ Database connection established","service":"billing-saas-api","timestamp":"2025-11-28 15:26:12:2612"}
{"level":"info","message":"Database connected successfully","service":"billing-saas-api","timestamp":"2025-11-28 15:26:12:2612"}
{"level":"info","message":"Server running on port 3001 in development mode","service":"billing-saas-api","timestamp":"2025-11-28 15:26:12:2612"}
{"level":"info","message":"✅ Redis connected","service":"billing-saas-api","timestamp":"2025-11-28 15:29:11:2911"}
{"level":"info","message":"✅ Database connection established","service":"billing-saas-api","timestamp":"2025-11-28 15:29:12:2912"}
{"level":"info","message":"Database connected successfully","service":"billing-saas-api","timestamp":"2025-11-28 15:29:12:2912"}
{"level":"info","message":"Server running on port 3001 in development mode","service":"billing-saas-api","timestamp":"2025-11-28 15:29:12:2912"}
{"ip":"::ffff:192.168.29.17","level":"warn","message":"Route not found","method":"GET","path":"/api/customers/047f643f-6c30-463c-b2dd-3bf35ac8066d/payments","service":"billing-saas-api","timestamp":"2025-11-28 15:38:29:3829"}
{"ip":"::ffff:192.168.29.17","level":"warn","message":"Route not found","method":"GET","path":"/api/customers/047f643f-6c30-463c-b2dd-3bf35ac8066d/payments","service":"billing-saas-api","timestamp":"2025-11-28 15:38:29:3829"}
{"level":"error","message":"Uncaught Exception ⨯ Unable to compile TypeScript:\n\u001b[96msrc/routes/customerRoutes.ts\u001b[0m:\u001b[93m98\u001b[0m:\u001b[93m22\u001b[0m - \u001b[91merror\u001b[0m\u001b[90m TS2339: \u001b[0mProperty 'getPaymentHistory' does not exist on type 'CustomerController'.\r\n\r\n\u001b[7m98\u001b[0m   customerController.getPaymentHistory.bind(customerController)\r\n\u001b[7m  \u001b[0m \u001b[91m                     ~~~~~~~~~~~~~~~~~\u001b[0m\r\n","service":"billing-saas-api","stack":"TSError: ⨯ Unable to compile TypeScript:\n\u001b[96msrc/routes/customerRoutes.ts\u001b[0m:\u001b[93m98\u001b[0m:\u001b[93m22\u001b[0m - \u001b[91merror\u001b[0m\u001b[90m TS2339: \u001b[0mProperty 'getPaymentHistory' does not exist on type 'CustomerController'.\r\n\r\n\u001b[7m98\u001b[0m   customerController.getPaymentHistory.bind(customerController)\r\n\u001b[7m  \u001b[0m \u001b[91m                     ~~~~~~~~~~~~~~~~~\u001b[0m\r\n\n    at createTSError (E:\\BillingSoftware\\node_modules\\ts-node\\src\\index.ts:859:12)\n    at reportTSError (E:\\BillingSoftware\\node_modules\\ts-node\\src\\index.ts:863:19)\n    at getOutput (E:\\BillingSoftware\\node_modules\\ts-node\\src\\index.ts:1077:36)\n    at Object.compile (E:\\BillingSoftware\\node_modules\\ts-node\\src\\index.ts:1433:41)\n    at Module.m._compile (E:\\BillingSoftware\\node_modules\\ts-node\\src\\index.ts:1617:30)\n    at node:internal/modules/cjs/loader:1895:10\n    at Object.require.extensions.<computed> [as .ts] (E:\\BillingSoftware\\node_modules\\ts-node\\src\\index.ts:1621:12)\n    at Module.load (node:internal/modules/cjs/loader:1465:32)\n    at Function._load (node:internal/modules/cjs/loader:1282:12)\n    at TracingChannel.traceSync (node:diagnostics_channel:322:14)\n    at wrapModuleLoad (node:internal/modules/cjs/loader:235:24)\n    at Module.require (node:internal/modules/cjs/loader:1487:12)\n    at require (node:internal/modules/helpers:135:16)\n    at ApplicationServer.setupRoutes (E:\\BillingSoftware\\packages\\backend\\src\\app.ts:79:36)\n    at new ApplicationServer (E:\\BillingSoftware\\packages\\backend\\src\\app.ts:25:10)\n    at Object.<anonymous> (E:\\BillingSoftware\\packages\\backend\\src\\app.ts:147:18)","timestamp":"2025-11-28 15:41:37:4137"}
{"level":"info","message":"✅ Redis connected","service":"billing-saas-api","timestamp":"2025-11-28 15:41:37:4137"}
{"level":"info","message":"✅ Redis connected","service":"billing-saas-api","timestamp":"2025-11-28 15:49:56:4956"}
{"level":"info","message":"✅ Database connection established","service":"billing-saas-api","timestamp":"2025-11-28 15:49:56:4956"}
{"level":"info","message":"Database connected successfully","service":"billing-saas-api","timestamp":"2025-11-28 15:49:56:4956"}
{"level":"info","message":"Server running on port 3001 in development mode","service":"billing-saas-api","timestamp":"2025-11-28 15:49:56:4956"}
{"ip":"::ffff:192.168.29.17","level":"warn","message":"Route not found","method":"GET","path":"/api/customers/047f643f-6c30-463c-b2dd-3bf35ac8066d/paymentHistory","service":"billing-saas-api","timestamp":"2025-11-28 15:50:04:504"}
{"ip":"::ffff:192.168.29.17","level":"warn","message":"Route not found","method":"GET","path":"/api/customers/047f643f-6c30-463c-b2dd-3bf35ac8066d/paymentHistory","service":"billing-saas-api","timestamp":"2025-11-28 15:50:04:504"}
{"ip":"::ffff:192.168.29.17","level":"warn","message":"Route not found","method":"GET","path":"/api/customers/047f643f-6c30-463c-b2dd-3bf35ac8066d/paymentHistory","service":"billing-saas-api","timestamp":"2025-11-28 15:51:54:5154"}
{"ip":"::ffff:192.168.29.17","level":"warn","message":"Route not found","method":"GET","path":"/api/customers/047f643f-6c30-463c-b2dd-3bf35ac8066d/paymentHistory","service":"billing-saas-api","timestamp":"2025-11-28 15:51:54:5154"}
{"level":"info","message":"✅ Redis connected","service":"billing-saas-api","timestamp":"2025-11-28 15:52:52:5252"}
{"level":"info","message":"✅ Database connection established","service":"billing-saas-api","timestamp":"2025-11-28 15:52:53:5253"}
{"level":"info","message":"Database connected successfully","service":"billing-saas-api","timestamp":"2025-11-28 15:52:53:5253"}
{"level":"info","message":"Server running on port 3001 in development mode","service":"billing-saas-api","timestamp":"2025-11-28 15:52:53:5253"}
{"level":"info","message":"✅ Redis connected","service":"billing-saas-api","timestamp":"2025-11-28 15:53:53:5353"}
{"level":"info","message":"✅ Database connection established","service":"billing-saas-api","timestamp":"2025-11-28 15:53:53:5353"}
{"level":"info","message":"Database connected successfully","service":"billing-saas-api","timestamp":"2025-11-28 15:53:53:5353"}
{"level":"info","message":"Server running on port 3001 in development mode","service":"billing-saas-api","timestamp":"2025-11-28 15:53:53:5353"}
{"level":"info","message":"✅ Redis connected","service":"billing-saas-api","timestamp":"2025-11-28 16:01:36:136"}
{"level":"info","message":"✅ Database connection established","service":"billing-saas-api","timestamp":"2025-11-28 16:01:37:137"}
{"level":"info","message":"Database connected successfully","service":"billing-saas-api","timestamp":"2025-11-28 16:01:37:137"}
{"level":"info","message":"Server running on port 3001 in development mode","service":"billing-saas-api","timestamp":"2025-11-28 16:01:37:137"}
{"level":"info","message":"✅ Redis connected","service":"billing-saas-api","timestamp":"2025-11-28 16:04:45:445"}
{"level":"info","message":"✅ Database connection established","service":"billing-saas-api","timestamp":"2025-11-28 16:04:46:446"}
{"level":"info","message":"Database connected successfully","service":"billing-saas-api","timestamp":"2025-11-28 16:04:46:446"}
{"level":"info","message":"Server running on port 3001 in development mode","service":"billing-saas-api","timestamp":"2025-11-28 16:04:46:446"}
{"level":"info","message":"✅ Redis connected","service":"billing-saas-api","timestamp":"2025-11-28 16:05:38:538"}
{"level":"info","message":"✅ Database connection established","service":"billing-saas-api","timestamp":"2025-11-28 16:05:38:538"}
{"level":"info","message":"Database connected successfully","service":"billing-saas-api","timestamp":"2025-11-28 16:05:38:538"}
{"level":"info","message":"Server running on port 3001 in development mode","service":"billing-saas-api","timestamp":"2025-11-28 16:05:38:538"}
